> Task :app:clean
> Task :contracts:clean
> Task :data:clean
> Task :domain:clean
> Task :models:clean
> Task :app:preBuild UP-TO-DATE
> Task :app:preDebugBuild UP-TO-DATE
> Task :app:mergeDebugNativeDebugMetadata NO-SOURCE
> Task :models:checkKotlinGradlePluginConfigurationErrors
> Task :models:processResources NO-SOURCE
> Task :contracts:checkKotlinGradlePluginConfigurationErrors
> Task :contracts:processResources NO-SOURCE
> Task :domain:checkKotlinGradlePluginConfigurationErrors
> Task :domain:processResources NO-SOURCE
> Task :app:checkKotlinGradlePluginConfigurationErrors
> Task :data:preBuild UP-TO-DATE
> Task :data:preDebugBuild UP-TO-DATE
> Task :app:generateDebugResValues
> Task :data:writeDebugAarMetadata
> Task :data:generateDebugResValues
> Task :data:generateDebugResources
> Task :app:checkDebugAarMetadata
> Task :data:packageDebugResources
> Task :app:mapDebugSourceSetPaths
> Task :app:generateDebugResources
> Task :app:packageDebugResources
> Task :app:createDebugCompatibleScreenManifests
> Task :app:extractDeepLinksDebug
> Task :data:extractDeepLinksDebug
> Task :data:compileDebugLibraryResources
> Task :data:processDebugManifest
> Task :data:parseDebugLocalResources
> Task :app:parseDebugLocalResources
> Task :app:mergeDebugResources
> Task :app:processDebugMainManifest
> Task :app:processDebugManifest
> Task :data:checkKotlinGradlePluginConfigurationErrors
> Task :data:generateDebugRFile
> Task :data:javaPreCompileDebug
> Task :app:javaPreCompileDebug
> Task :app:mergeDebugShaders
> Task :app:compileDebugShaders NO-SOURCE
> Task :app:generateDebugAssets UP-TO-DATE
> Task :data:mergeDebugShaders
> Task :data:compileDebugShaders NO-SOURCE
> Task :data:generateDebugAssets UP-TO-DATE
> Task :data:packageDebugAssets
> Task :app:mergeDebugAssets
> Task :app:compressDebugAssets
> Task :app:desugarDebugFileDependencies
> Task :app:mergeDebugJniLibFolders
> Task :data:mergeDebugJniLibFolders
> Task :data:mergeDebugNativeLibs NO-SOURCE
> Task :data:copyDebugJniLibsProjectOnly
> Task :app:checkDebugDuplicateClasses
> Task :app:validateSigningDebug
> Task :app:writeDebugAppMetadata
> Task :app:writeDebugSigningConfigVersions
> Task :data:stripDebugDebugSymbols NO-SOURCE
> Task :data:copyDebugJniLibsProjectAndLocalJars
> Task :data:extractDeepLinksForAarDebug UP-TO-DATE
> Task :data:prepareDebugArtProfile UP-TO-DATE
> Task :data:prepareLintJarForPublish UP-TO-DATE
> Task :app:processDebugManifestForPackage
> Task :app:processDebugResources
> Task :models:compileKotlin
> Task :models:compileJava NO-SOURCE
> Task :models:classes UP-TO-DATE
> Task :models:jar
> Task :contracts:compileKotlin
> Task :contracts:compileJava NO-SOURCE
> Task :contracts:classes UP-TO-DATE
> Task :contracts:jar
> Task :domain:compileKotlin
> Task :domain:compileJava NO-SOURCE
> Task :domain:classes UP-TO-DATE
> Task :domain:jar
> Task :app:mergeDebugNativeLibs NO-SOURCE
> Task :app:stripDebugDebugSymbols NO-SOURCE

> Task :data:kspDebugKotlin
w: [ksp] C:/Users/Raymo/Documents/AIWork/Beccas_inventory/data/src/main/java/com/raymond/beccasinventory/data/local/entity/InventoryItemTagCrossRef.kt:13: The column tagId in the junction entity com.raymond.beccasinventory.data.local.entity.InventoryItemTagCrossRef is being used to resolve a relationship but it is not covered by any index. This might cause a full table scan when resolving the relationship, it is highly advised to create an index that covers this column.

> Task :app:mergeExtDexDebug
> Task :data:compileDebugKotlin
> Task :data:compileDebugJavaWithJavac
> Task :data:processDebugJavaRes
> Task :data:bundleLibRuntimeToJarDebug
> Task :data:bundleLibCompileToJarDebug
> Task :data:extractDebugAnnotations
> Task :data:bundleLibRuntimeToDirDebug
> Task :data:mergeDebugGeneratedProguardFiles UP-TO-DATE
> Task :data:mergeDebugConsumerProguardFiles UP-TO-DATE
> Task :data:mergeDebugJavaResource
> Task :data:syncDebugLibJars
> Task :data:bundleDebugAar
> Task :data:assembleDebug
> Task :app:mergeLibDexDebug
> Task :app:kspDebugKotlin

> Task :app:compileDebugKotlin
w: file:///C:/Users/Raymo/Documents/AIWork/Beccas_inventory/app/src/main/java/com/raymond/beccasinventory/ui/components/ImageSourcePicker.kt:76:9 Parameter 'permissions' is never used, could be renamed to _

> Task :app:compileDebugJavaWithJavac
> Task :app:hiltAggregateDepsDebug
> Task :app:hiltJavaCompileDebug
> Task :app:processDebugJavaRes
> Task :app:transformDebugClassesWithAsm
> Task :app:mergeDebugJavaResource
> Task :app:dexBuilderDebug
> Task :app:mergeDebugGlobalSynthetics
> Task :app:mergeProjectDexDebug
> Task :app:packageDebug
> Task :app:createDebugApkListingFileRedirect
> Task :app:assembleDebug

BUILD SUCCESSFUL in 37s
83 actionable tasks: 78 executed, 5 up-to-date
